Picked up JAVA_TOOL_OPTIONS: -Dfile.encoding=UTF8
Apache Maven 3.6.0
Maven home: /usr/share/maven
Java version: 11.0.8, vendor: Ubuntu, runtime: /usr/lib/jvm/java-11-openjdk-amd64
Default locale: en_US, platform encoding: UTF8
OS name: "linux", version: "5.4.0-1021-gcp", arch: "amd64", family: "unix"
WARNING: An illegal reflective access operation has occurred
WARNING: Illegal reflective access by com.google.inject.internal.cglib.core.$ReflectUtils$1 (file:/usr/share/maven/lib/guice.jar) to method java.lang.ClassLoader.defineClass(java.lang.String,byte[],int,int,java.security.ProtectionDomain)
WARNING: Please consider reporting this to the maintainers of com.google.inject.internal.cglib.core.$ReflectUtils$1
WARNING: Use --illegal-access=warn to enable warnings of further illegal reflective access operations
WARNING: All illegal access operations will be denied in a future release
[DEBUG] Created new class realm maven.api
[DEBUG] Importing foreign packages into class realm maven.api
[DEBUG]   Imported: javax.annotation.* < plexus.core
[DEBUG]   Imported: javax.annotation.security.* < plexus.core
[DEBUG]   Imported: javax.enterprise.inject.* < plexus.core
[DEBUG]   Imported: javax.enterprise.util.* < plexus.core
[DEBUG]   Imported: javax.inject.* < plexus.core
[DEBUG]   Imported: org.apache.maven.* < plexus.core
[DEBUG]   Imported: org.apache.maven.artifact < plexus.core
[DEBUG]   Imported: org.apache.maven.classrealm < plexus.core
[DEBUG]   Imported: org.apache.maven.cli < plexus.core
[DEBUG]   Imported: org.apache.maven.configuration < plexus.core
[DEBUG]   Imported: org.apache.maven.exception < plexus.core
[DEBUG]   Imported: org.apache.maven.execution < plexus.core
[DEBUG]   Imported: org.apache.maven.execution.scope < plexus.core
[DEBUG]   Imported: org.apache.maven.lifecycle < plexus.core
[DEBUG]   Imported: org.apache.maven.model < plexus.core
[DEBUG]   Imported: org.apache.maven.monitor < plexus.core
[DEBUG]   Imported: org.apache.maven.plugin < plexus.core
[DEBUG]   Imported: org.apache.maven.profiles < plexus.core
[DEBUG]   Imported: org.apache.maven.project < plexus.core
[DEBUG]   Imported: org.apache.maven.reporting < plexus.core
[DEBUG]   Imported: org.apache.maven.repository < plexus.core
[DEBUG]   Imported: org.apache.maven.rtinfo < plexus.core
[DEBUG]   Imported: org.apache.maven.settings < plexus.core
[DEBUG]   Imported: org.apache.maven.toolchain < plexus.core
[DEBUG]   Imported: org.apache.maven.usability < plexus.core
[DEBUG]   Imported: org.apache.maven.wagon.* < plexus.core
[DEBUG]   Imported: org.apache.maven.wagon.authentication < plexus.core
[DEBUG]   Imported: org.apache.maven.wagon.authorization < plexus.core
[DEBUG]   Imported: org.apache.maven.wagon.events < plexus.core
[DEBUG]   Imported: org.apache.maven.wagon.observers < plexus.core
[DEBUG]   Imported: org.apache.maven.wagon.proxy < plexus.core
[DEBUG]   Imported: org.apache.maven.wagon.repository < plexus.core
[DEBUG]   Imported: org.apache.maven.wagon.resource < plexus.core
[DEBUG]   Imported: org.codehaus.classworlds < plexus.core
[DEBUG]   Imported: org.codehaus.plexus.* < plexus.core
[DEBUG]   Imported: org.codehaus.plexus.classworlds < plexus.core
[DEBUG]   Imported: org.codehaus.plexus.component < plexus.core
[DEBUG]   Imported: org.codehaus.plexus.configuration < plexus.core
[DEBUG]   Imported: org.codehaus.plexus.container < plexus.core
[DEBUG]   Imported: org.codehaus.plexus.context < plexus.core
[DEBUG]   Imported: org.codehaus.plexus.lifecycle < plexus.core
[DEBUG]   Imported: org.codehaus.plexus.logging < plexus.core
[DEBUG]   Imported: org.codehaus.plexus.personality < plexus.core
[DEBUG]   Imported: org.codehaus.plexus.util.xml.Xpp3Dom < plexus.core
[DEBUG]   Imported: org.codehaus.plexus.util.xml.pull.XmlPullParser < plexus.core
[DEBUG]   Imported: org.codehaus.plexus.util.xml.pull.XmlPullParserException < plexus.core
[DEBUG]   Imported: org.codehaus.plexus.util.xml.pull.XmlSerializer < plexus.core
[DEBUG]   Imported: org.eclipse.aether.* < plexus.core
[DEBUG]   Imported: org.eclipse.aether.artifact < plexus.core
[DEBUG]   Imported: org.eclipse.aether.collection < plexus.core
[DEBUG]   Imported: org.eclipse.aether.deployment < plexus.core
[DEBUG]   Imported: org.eclipse.aether.graph < plexus.core
[DEBUG]   Imported: org.eclipse.aether.impl < plexus.core
[DEBUG]   Imported: org.eclipse.aether.installation < plexus.core
[DEBUG]   Imported: org.eclipse.aether.internal.impl < plexus.core
[DEBUG]   Imported: org.eclipse.aether.metadata < plexus.core
[DEBUG]   Imported: org.eclipse.aether.repository < plexus.core
[DEBUG]   Imported: org.eclipse.aether.resolution < plexus.core
[DEBUG]   Imported: org.eclipse.aether.spi < plexus.core
[DEBUG]   Imported: org.eclipse.aether.transfer < plexus.core
[DEBUG]   Imported: org.eclipse.aether.version < plexus.core
[DEBUG]   Imported: org.fusesource.jansi.* < plexus.core
[DEBUG]   Imported: org.slf4j.* < plexus.core
[DEBUG]   Imported: org.slf4j.helpers.* < plexus.core
[DEBUG]   Imported: org.slf4j.spi.* < plexus.core
[DEBUG] Populating class realm maven.api
[INFO] Error stacktraces are turned on.
[DEBUG] Message scheme: plain
[DEBUG] Reading global settings from /usr/share/maven/conf/settings.xml
[DEBUG] Reading user settings from /root/.m2/settings.xml
[DEBUG] Reading global toolchains from /usr/share/maven/conf/toolchains.xml
[DEBUG] Reading user toolchains from /root/.m2/toolchains.xml
[DEBUG] Using local repository at /root/.m2/repository
[DEBUG] Using manager EnhancedLocalRepositoryManager with priority 10.0 for /root/.m2/repository
[INFO] Scanning for projects...
[DEBUG] Extension realms for project net.smert:jReactPhysics3D:jar:0.4.0: (none)
[DEBUG] Looking up lifecycle mappings for packaging jar from ClassRealm[plexus.core, parent: null]
[DEBUG] === REACTOR BUILD PLAN ================================================
[DEBUG] Project: net.smert:jReactPhysics3D:jar:0.4.0
[DEBUG] Tasks:   [compile]
[DEBUG] Style:   Regular
[DEBUG] =======================================================================
[INFO] 
[INFO] ---------------------< net.smert:jReactPhysics3D >----------------------
[INFO] Building jReactPhysics3D 0.4.0
[INFO] --------------------------------[ jar ]---------------------------------
[DEBUG] Lifecycle default -> [validate, initialize, generate-sources, process-sources, generate-resources, process-resources, compile, process-classes, generate-test-sources, process-test-sources, generate-test-resources, process-test-resources, test-compile, process-test-classes, test, prepare-package, package, pre-integration-test, integration-test, post-integration-test, verify, install, deploy]
[DEBUG] Lifecycle clean -> [pre-clean, clean, post-clean]
[DEBUG] Lifecycle site -> [pre-site, site, post-site, site-deploy]
[DEBUG] Lifecycle default -> [validate, initialize, generate-sources, process-sources, generate-resources, process-resources, compile, process-classes, generate-test-sources, process-test-sources, generate-test-resources, process-test-resources, test-compile, process-test-classes, test, prepare-package, package, pre-integration-test, integration-test, post-integration-test, verify, install, deploy]
[DEBUG] Lifecycle clean -> [pre-clean, clean, post-clean]
[DEBUG] Lifecycle site -> [pre-site, site, post-site, site-deploy]
[DEBUG] Lifecycle default -> [validate, initialize, generate-sources, process-sources, generate-resources, process-resources, compile, process-classes, generate-test-sources, process-test-sources, generate-test-resources, process-test-resources, test-compile, process-test-classes, test, prepare-package, package, pre-integration-test, integration-test, post-integration-test, verify, install, deploy]
[DEBUG] Lifecycle clean -> [pre-clean, clean, post-clean]
[DEBUG] Lifecycle site -> [pre-site, site, post-site, site-deploy]
[DEBUG] === PROJECT BUILD PLAN ================================================
[DEBUG] Project:       net.smert:jReactPhysics3D:0.4.0
[DEBUG] Dependencies (collect): []
[DEBUG] Dependencies (resolve): [compile]
[DEBUG] Repositories (dependencies): [central (https://repo.maven.apache.org/maven2, default, releases)]
[DEBUG] Repositories (plugins)     : [central (https://repo.maven.apache.org/maven2, default, releases)]
[DEBUG] -----------------------------------------------------------------------
[DEBUG] Goal:          org.apache.maven.plugins:maven-resources-plugin:2.6:resources (default-resources)
[DEBUG] Style:         Regular
[DEBUG] Configuration: <?xml version="1.0" encoding="UTF-8"?>
<configuration>
  <buildFilters default-value="${project.build.filters}"/>
  <encoding default-value="${project.build.sourceEncoding}">${encoding}</encoding>
  <escapeString>${maven.resources.escapeString}</escapeString>
  <escapeWindowsPaths default-value="true">${maven.resources.escapeWindowsPaths}</escapeWindowsPaths>
  <includeEmptyDirs default-value="false">${maven.resources.includeEmptyDirs}</includeEmptyDirs>
  <outputDirectory default-value="${project.build.outputDirectory}"/>
  <overwrite default-value="false">${maven.resources.overwrite}</overwrite>
  <project default-value="${project}"/>
  <resources default-value="${project.resources}"/>
  <session default-value="${session}"/>
  <supportMultiLineFiltering default-value="false">${maven.resources.supportMultiLineFiltering}</supportMultiLineFiltering>
  <useBuildFilters default-value="true"/>
  <useDefaultDelimiters default-value="true"/>
</configuration>
[DEBUG] -----------------------------------------------------------------------
[DEBUG] Goal:          org.apache.maven.plugins:maven-compiler-plugin:2.5.1:compile (default-compile)
[DEBUG] Style:         Regular
[DEBUG] Configuration: <?xml version="1.0" encoding="UTF-8"?>
<configuration>
  <basedir default-value="${basedir}"/>
  <buildDirectory default-value="${project.build.directory}"/>
  <classpathElements default-value="${project.compileClasspathElements}"/>
  <compileSourceRoots default-value="${project.compileSourceRoots}"/>
  <compilerId default-value="javac">${maven.compiler.compilerId}</compilerId>
  <compilerReuseStrategy default-value="${reuseCreated}">${maven.compiler.compilerReuseStrategy}</compilerReuseStrategy>
  <compilerVersion>${maven.compiler.compilerVersion}</compilerVersion>
  <debug default-value="true">${maven.compiler.debug}</debug>
  <debuglevel>${maven.compiler.debuglevel}</debuglevel>
  <encoding default-value="${project.build.sourceEncoding}">${encoding}</encoding>
  <executable>${maven.compiler.executable}</executable>
  <failOnError default-value="true">${maven.compiler.failOnError}</failOnError>
  <fork default-value="false">${maven.compiler.fork}</fork>
  <generatedSourcesDirectory default-value="${project.build.directory}/generated-sources/annotations"/>
  <maxmem>${maven.compiler.maxmem}</maxmem>
  <meminitial>${maven.compiler.meminitial}</meminitial>
  <optimize default-value="false">${maven.compiler.optimize}</optimize>
  <outputDirectory default-value="${project.build.outputDirectory}"/>
  <outputFileName>${project.build.finalName}</outputFileName>
  <projectArtifact default-value="${project.artifact}"/>
  <session default-value="${session}"/>
  <showDeprecation default-value="false">${maven.compiler.showDeprecation}</showDeprecation>
  <showWarnings default-value="false">${maven.compiler.showWarnings}</showWarnings>
  <skipMultiThreadWarning default-value="${false}">${maven.compiler.skipMultiThreadWarning}</skipMultiThreadWarning>
  <source default-value="1.5">1.8</source>
  <staleMillis default-value="0">${lastModGranularityMs}</staleMillis>
  <target default-value="1.5">1.8</target>
  <verbose default-value="false">${maven.compiler.verbose}</verbose>
</configuration>
[DEBUG] =======================================================================
[DEBUG] Dependency collection stats: {ConflictMarker.analyzeTime=963925, ConflictMarker.markTime=204127, ConflictMarker.nodeCount=3, ConflictIdSorter.graphTime=582249, ConflictIdSorter.topsortTime=493082, ConflictIdSorter.conflictIdCount=2, ConflictIdSorter.conflictIdCycleCount=0, ConflictResolver.totalTime=4298697, ConflictResolver.conflictItemCount=2, DefaultDependencyCollector.collectTime=91971061, DefaultDependencyCollector.transformTime=23480787}
[DEBUG] net.smert:jReactPhysics3D:jar:0.4.0
[DEBUG]    junit:junit:jar:4.11:test
[DEBUG]       org.hamcrest:hamcrest-core:jar:1.3:test
[INFO] 
[INFO] --- maven-resources-plugin:2.6:resources (default-resources) @ jReactPhysics3D ---
[DEBUG] Dependency collection stats: {ConflictMarker.analyzeTime=5249778, ConflictMarker.markTime=1134634, ConflictMarker.nodeCount=77, ConflictIdSorter.graphTime=499713, ConflictIdSorter.topsortTime=63329, ConflictIdSorter.conflictIdCount=26, ConflictIdSorter.conflictIdCycleCount=0, ConflictResolver.totalTime=18679908, ConflictResolver.conflictItemCount=74, DefaultDependencyCollector.collectTime=529606501, DefaultDependencyCollector.transformTime=25872998}
[DEBUG] org.apache.maven.plugins:maven-resources-plugin:jar:2.6:
[DEBUG]    org.apache.maven:maven-plugin-api:jar:2.0.6:compile
[DEBUG]    org.apache.maven:maven-project:jar:2.0.6:compile
[DEBUG]       org.apache.maven:maven-profile:jar:2.0.6:compile
[DEBUG]       org.apache.maven:maven-artifact-manager:jar:2.0.6:compile
[DEBUG]       org.apache.maven:maven-plugin-registry:jar:2.0.6:compile
[DEBUG]    org.apache.maven:maven-core:jar:2.0.6:compile
[DEBUG]       org.apache.maven:maven-plugin-parameter-documenter:jar:2.0.6:compile
[DEBUG]       org.apache.maven.reporting:maven-reporting-api:jar:2.0.6:compile
[DEBUG]          org.apache.maven.doxia:doxia-sink-api:jar:1.0-alpha-7:compile
[DEBUG]       org.apache.maven:maven-repository-metadata:jar:2.0.6:compile
[DEBUG]       org.apache.maven:maven-error-diagnostics:jar:2.0.6:compile
[DEBUG]       commons-cli:commons-cli:jar:1.0:compile
[DEBUG]       org.apache.maven:maven-plugin-descriptor:jar:2.0.6:compile
[DEBUG]       org.codehaus.plexus:plexus-interactivity-api:jar:1.0-alpha-4:compile
[DEBUG]       classworlds:classworlds:jar:1.1:compile
[DEBUG]    org.apache.maven:maven-artifact:jar:2.0.6:compile
[DEBUG]    org.apache.maven:maven-settings:jar:2.0.6:compile
[DEBUG]    org.apache.maven:maven-model:jar:2.0.6:compile
[DEBUG]    org.apache.maven:maven-monitor:jar:2.0.6:compile
[DEBUG]    org.codehaus.plexus:plexus-container-default:jar:1.0-alpha-9-stable-1:compile
[DEBUG]       junit:junit:jar:3.8.1:compile
[DEBUG]    org.codehaus.plexus:plexus-utils:jar:2.0.5:compile
[DEBUG]    org.apache.maven.shared:maven-filtering:jar:1.1:compile
[DEBUG]       org.sonatype.plexus:plexus-build-api:jar:0.0.4:compile
[DEBUG]    org.codehaus.plexus:plexus-interpolation:jar:1.13:compile
[DEBUG] Created new class realm plugin>org.apache.maven.plugins:maven-resources-plugin:2.6
[DEBUG] Importing foreign packages into class realm plugin>org.apache.maven.plugins:maven-resources-plugin:2.6
[DEBUG]   Imported:  < maven.api
[DEBUG] Populating class realm plugin>org.apache.maven.plugins:maven-resources-plugin:2.6
[DEBUG]   Included: org.apache.maven.plugins:maven-resources-plugin:jar:2.6
[DEBUG]   Included: org.apache.maven.reporting:maven-reporting-api:jar:2.0.6
[DEBUG]   Included: org.apache.maven.doxia:doxia-sink-api:jar:1.0-alpha-7
[DEBUG]   Included: commons-cli:commons-cli:jar:1.0
[DEBUG]   Included: org.codehaus.plexus:plexus-interactivity-api:jar:1.0-alpha-4
[DEBUG]   Included: junit:junit:jar:3.8.1
[DEBUG]   Included: org.codehaus.plexus:plexus-utils:jar:2.0.5
[DEBUG]   Included: org.apache.maven.shared:maven-filtering:jar:1.1
[DEBUG]   Included: org.sonatype.plexus:plexus-build-api:jar:0.0.4
[DEBUG]   Included: org.codehaus.plexus:plexus-interpolation:jar:1.13
[DEBUG] Configuring mojo org.apache.maven.plugins:maven-resources-plugin:2.6:resources from plugin realm ClassRealm[plugin>org.apache.maven.plugins:maven-resources-plugin:2.6, parent: jdk.internal.loader.ClassLoaders$AppClassLoader@5bc2b487]
[DEBUG] Configuring mojo 'org.apache.maven.plugins:maven-resources-plugin:2.6:resources' with basic configurator -->
[DEBUG]   (f) buildFilters = []
[DEBUG]   (f) encoding = UTF-8
[DEBUG]   (f) escapeWindowsPaths = true
[DEBUG]   (s) includeEmptyDirs = false
[DEBUG]   (s) outputDirectory = /home/opprop/units-inference/benchmarks/paper-annotation/jReactPhysics3D/target/classes
[DEBUG]   (s) overwrite = false
[DEBUG]   (f) project = MavenProject: net.smert:jReactPhysics3D:0.4.0 @ /home/opprop/units-inference/benchmarks/paper-annotation/jReactPhysics3D/pom.xml
[DEBUG]   (s) resources = [Resource {targetPath: null, filtering: false, FileSet {directory: /home/opprop/units-inference/benchmarks/paper-annotation/jReactPhysics3D/src/main/resources, PatternSet [includes: {}, excludes: {}]}}]
[DEBUG]   (f) session = org.apache.maven.execution.MavenSession@476ec9d0
[DEBUG]   (f) supportMultiLineFiltering = false
[DEBUG]   (f) useBuildFilters = true
[DEBUG]   (s) useDefaultDelimiters = true
[DEBUG] -- end configuration --
[DEBUG] properties used {env.TERM=xterm, java.specification.version=11, sun.cpu.isalist=, sun.arch.data.model=64, java.vendor.url=https://ubuntu.com/, mavencompiler.version=2.5.1, sun.boot.library.path=/usr/lib/jvm/java-11-openjdk-amd64/lib, sun.java.command=org.codehaus.plexus.classworlds.launcher.Launcher -X -B -B -DskipTests compile, jdk.debug=release, maven.version=3.6.0, java.specification.vendor=Oracle Corporation, java.version.date=2020-07-14, java.home=/usr/lib/jvm/java-11-openjdk-amd64, java.specification.name=Java Platform API Specification, java.vm.specification.vendor=Oracle Corporation, sun.management.compiler=HotSpot 64-Bit Tiered Compilers, java.runtime.version=11.0.8+10-post-Ubuntu-0ubuntu118.04.1, env.PATH=/home/opprop/annotation-tools/annotation-file-utilities/scripts:/home/opprop/z3/bin:/usr/local/sbin:/usr/local/bin:/usr/sbin:/usr/bin:/sbin:/bin, env.LS_COLORS=rs=0:di=01;34:ln=01;36:mh=00:pi=40;33:so=01;35:do=01;35:bd=40;33;01:cd=40;33;01:or=40;31;01:mi=00:su=37;41:sg=30;43:ca=30;41:tw=30;42:ow=34;42:st=37;44:ex=01;32:*.tar=01;31:*.tgz=01;31:*.arc=01;31:*.arj=01;31:*.taz=01;31:*.lha=01;31:*.lz4=01;31:*.lzh=01;31:*.lzma=01;31:*.tlz=01;31:*.txz=01;31:*.tzo=01;31:*.t7z=01;31:*.zip=01;31:*.z=01;31:*.Z=01;31:*.dz=01;31:*.gz=01;31:*.lrz=01;31:*.lz=01;31:*.lzo=01;31:*.xz=01;31:*.zst=01;31:*.tzst=01;31:*.bz2=01;31:*.bz=01;31:*.tbz=01;31:*.tbz2=01;31:*.tz=01;31:*.deb=01;31:*.rpm=01;31:*.jar=01;31:*.war=01;31:*.ear=01;31:*.sar=01;31:*.rar=01;31:*.alz=01;31:*.ace=01;31:*.zoo=01;31:*.cpio=01;31:*.7z=01;31:*.rz=01;31:*.cab=01;31:*.wim=01;31:*.swm=01;31:*.dwm=01;31:*.esd=01;31:*.jpg=01;35:*.jpeg=01;35:*.mjpg=01;35:*.mjpeg=01;35:*.gif=01;35:*.bmp=01;35:*.pbm=01;35:*.pgm=01;35:*.ppm=01;35:*.tga=01;35:*.xbm=01;35:*.xpm=01;35:*.tif=01;35:*.tiff=01;35:*.png=01;35:*.svg=01;35:*.svgz=01;35:*.mng=01;35:*.pcx=01;35:*.mov=01;35:*.mpg=01;35:*.mpeg=01;35:*.m2v=01;35:*.mkv=01;35:*.webm=01;35:*.ogm=01;35:*.mp4=01;35:*.m4v=01;35:*.mp4v=01;35:*.vob=01;35:*.qt=01;35:*.nuv=01;35:*.wmv=01;35:*.asf=01;35:*.rm=01;35:*.rmvb=01;35:*.flc=01;35:*.avi=01;35:*.fli=01;35:*.flv=01;35:*.gl=01;35:*.dl=01;35:*.xcf=01;35:*.xwd=01;35:*.yuv=01;35:*.cgm=01;35:*.emf=01;35:*.ogv=01;35:*.ogx=01;35:*.aac=00;36:*.au=00;36:*.flac=00;36:*.m4a=00;36:*.mid=00;36:*.midi=00;36:*.mka=00;36:*.mp3=00;36:*.mpc=00;36:*.ogg=00;36:*.ra=00;36:*.wav=00;36:*.oga=00;36:*.opus=00;36:*.spx=00;36:*.xspf=00;36:, file.encoding=UTF8, env.HOSTNAME=9ca410e9e0b0, env._=/usr/bin/python, env.SHLVL=3, java.io.tmpdir=/tmp, java.version=11.0.8, java.vm.specification.name=Java Virtual Machine Specification, java.awt.printerjob=sun.print.PSPrinterJob, env.CHECKERFRAMEWORK=/home/opprop/checker-framework, licensemaven.version=2.6, java.library.path=/home/opprop/checker-framework-inference/lib:/usr/java/packages/lib:/usr/lib/x86_64-linux-gnu/jni:/lib/x86_64-linux-gnu:/usr/lib/x86_64-linux-gnu:/usr/lib/jni:/lib:/usr/lib, java.vendor=Ubuntu, classworlds.conf=/usr/share/maven/bin/m2.conf, sun.io.unicode.encoding=UnicodeLittle, user.timezone=, os.name=Linux, java.vm.specification.version=11, junit.version=4.11, maven.compiler.source=1.8, user.home=/root, env.DYLD_LIBRARY_PATH=/home/opprop/checker-framework-inference/lib, java.awt.graphicsenv=sun.awt.X11GraphicsEnvironment, path.separator=:, os.version=5.4.0-1021-gcp, java.vm.name=OpenJDK 64-Bit Server VM, env.LESSCLOSE=/usr/bin/lesspipe %s %s, os.arch=amd64, maven.multiModuleProjectDirectory=/home/opprop/units-inference/benchmarks/paper-annotation/jReactPhysics3D, env.MAVEN_PROJECTBASEDIR=/home/opprop/units-inference/benchmarks/paper-annotation/jReactPhysics3D, java.vm.info=mixed mode, sharing, java.class.version=55.0, awt.toolkit=sun.awt.X11.XToolkit, sun.jnu.encoding=ANSI_X3.4-1968, maven.build.version=Apache Maven 3.6.0, maven.home=/usr/share/maven, file.separator=/, java.vm.compressedOopsMode=Zero based, line.separator=
, env.JAVA_TOOL_OPTIONS=-Dfile.encoding=UTF8, user.name=root, env.AFU=/home/opprop/annotation-tools/annotation-file-utilities, sun.os.patch.level=unknown, maven.compiler.target=1.8, library.jansi.path=/usr/share/maven/lib/jansi-native, env.OLDPWD=/home/opprop/units-inference/benchmarks/paper-annotation/jReactPhysics3D, env.PWD=/home/opprop/units-inference/benchmarks/paper-annotation/jReactPhysics3D, env.LESSOPEN=| /usr/bin/lesspipe %s, java.class.path=/usr/share/maven/boot/plexus-classworlds-2.x.jar, env.HOME=/root, java.vm.vendor=Ubuntu, env.CLASSPATH=/home/opprop/units-inference/build/classes/java/main:/home/opprop/units-inference/build/resources/main:/home/opprop/units-inference/build/libs/units-inference.jar, env.external_checker_classpath=/home/opprop/units-inference/build/classes/java/main:/home/opprop/units-inference/build/resources/main:/home/opprop/units-inference/build/libs/units-inference.jar, maven.conf=/usr/share/maven/conf, sun.java.launcher=SUN_STANDARD, user.country=US, env.LD_LIBRARY_PATH=/home/opprop/checker-framework-inference/lib, sun.cpu.endian=little, user.language=en, env.PUNITS=/home/opprop/units-inference, java.runtime.name=OpenJDK Runtime Environment, project.build.sourceEncoding=UTF-8, mavenjavadoc.version=2.10.1, skipTests=true, env.MAVEN_CMD_LINE_ARGS= -X -B -B -DskipTests compile, java.vendor.url.bug=https://bugs.launchpad.net/ubuntu/+source/openjdk-lts, user.dir=/home/opprop/units-inference/benchmarks/paper-annotation/jReactPhysics3D, java.vm.version=11.0.8+10-post-Ubuntu-0ubuntu118.04.1}
[INFO] Using 'UTF-8' encoding to copy filtered resources.
[DEBUG] resource with targetPath null
directory /home/opprop/units-inference/benchmarks/paper-annotation/jReactPhysics3D/src/main/resources
excludes []
includes []
[INFO] skip non existing resourceDirectory /home/opprop/units-inference/benchmarks/paper-annotation/jReactPhysics3D/src/main/resources
[DEBUG] no use filter components
[INFO] 
[INFO] --- maven-compiler-plugin:2.5.1:compile (default-compile) @ jReactPhysics3D ---
[DEBUG] Dependency collection stats: {ConflictMarker.analyzeTime=6282785, ConflictMarker.markTime=133462, ConflictMarker.nodeCount=106, ConflictIdSorter.graphTime=1606503, ConflictIdSorter.topsortTime=53050, ConflictIdSorter.conflictIdCount=27, ConflictIdSorter.conflictIdCycleCount=0, ConflictResolver.totalTime=7542540, ConflictResolver.conflictItemCount=53, DefaultDependencyCollector.collectTime=434238636, DefaultDependencyCollector.transformTime=15682504}
[DEBUG] org.apache.maven.plugins:maven-compiler-plugin:jar:2.5.1:
[DEBUG]    org.apache.maven:maven-plugin-api:jar:2.0.9:compile
[DEBUG]    org.apache.maven:maven-artifact:jar:2.0.9:compile
[DEBUG]    org.apache.maven:maven-core:jar:2.0.9:compile
[DEBUG]       org.apache.maven:maven-settings:jar:2.0.9:compile
[DEBUG]       org.apache.maven:maven-plugin-parameter-documenter:jar:2.0.9:compile
[DEBUG]       org.apache.maven:maven-profile:jar:2.0.9:compile
[DEBUG]       org.apache.maven:maven-model:jar:2.0.9:compile
[DEBUG]       org.apache.maven:maven-repository-metadata:jar:2.0.9:compile
[DEBUG]       org.apache.maven:maven-error-diagnostics:jar:2.0.9:compile
[DEBUG]       org.apache.maven:maven-project:jar:2.0.9:compile
[DEBUG]          org.apache.maven:maven-plugin-registry:jar:2.0.9:compile
[DEBUG]       org.apache.maven:maven-plugin-descriptor:jar:2.0.9:compile
[DEBUG]       org.apache.maven:maven-artifact-manager:jar:2.0.9:compile
[DEBUG]       org.apache.maven:maven-monitor:jar:2.0.9:compile
[DEBUG]    org.apache.maven:maven-toolchain:jar:1.0:compile
[DEBUG]    org.codehaus.plexus:plexus-utils:jar:3.0:compile
[DEBUG]    org.codehaus.plexus:plexus-compiler-api:jar:1.9.1:compile
[DEBUG]    org.codehaus.plexus:plexus-compiler-manager:jar:1.9.1:compile
[DEBUG]    org.codehaus.plexus:plexus-compiler-javac:jar:1.9.1:runtime
[DEBUG]    org.codehaus.plexus:plexus-container-default:jar:1.0-alpha-9-stable-1:compile
[DEBUG]       junit:junit:jar:3.8.1:compile
[DEBUG]       classworlds:classworlds:jar:1.1-alpha-2:compile
[DEBUG] Created new class realm plugin>org.apache.maven.plugins:maven-compiler-plugin:2.5.1
[DEBUG] Importing foreign packages into class realm plugin>org.apache.maven.plugins:maven-compiler-plugin:2.5.1
[DEBUG]   Imported:  < maven.api
[DEBUG] Populating class realm plugin>org.apache.maven.plugins:maven-compiler-plugin:2.5.1
[DEBUG]   Included: org.apache.maven.plugins:maven-compiler-plugin:jar:2.5.1
[DEBUG]   Included: org.codehaus.plexus:plexus-utils:jar:3.0
[DEBUG]   Included: org.codehaus.plexus:plexus-compiler-api:jar:1.9.1
[DEBUG]   Included: org.codehaus.plexus:plexus-compiler-manager:jar:1.9.1
[DEBUG]   Included: org.codehaus.plexus:plexus-compiler-javac:jar:1.9.1
[DEBUG]   Included: junit:junit:jar:3.8.1
[DEBUG] Configuring mojo org.apache.maven.plugins:maven-compiler-plugin:2.5.1:compile from plugin realm ClassRealm[plugin>org.apache.maven.plugins:maven-compiler-plugin:2.5.1, parent: jdk.internal.loader.ClassLoaders$AppClassLoader@5bc2b487]
[DEBUG] Configuring mojo 'org.apache.maven.plugins:maven-compiler-plugin:2.5.1:compile' with basic configurator -->
[DEBUG]   (f) basedir = /home/opprop/units-inference/benchmarks/paper-annotation/jReactPhysics3D
[DEBUG]   (f) buildDirectory = /home/opprop/units-inference/benchmarks/paper-annotation/jReactPhysics3D/target
[DEBUG]   (f) classpathElements = [/home/opprop/units-inference/benchmarks/paper-annotation/jReactPhysics3D/target/classes]
[DEBUG]   (f) compileSourceRoots = [/home/opprop/units-inference/benchmarks/paper-annotation/jReactPhysics3D/src/main/java]
[DEBUG]   (f) compilerId = javac
[DEBUG]   (f) debug = true
[DEBUG]   (f) encoding = UTF-8
[DEBUG]   (f) failOnError = true
[DEBUG]   (f) fork = false
[DEBUG]   (f) generatedSourcesDirectory = /home/opprop/units-inference/benchmarks/paper-annotation/jReactPhysics3D/target/generated-sources/annotations
[DEBUG]   (f) optimize = false
[DEBUG]   (f) outputDirectory = /home/opprop/units-inference/benchmarks/paper-annotation/jReactPhysics3D/target/classes
[DEBUG]   (f) outputFileName = jReactPhysics3D-0.4.0
[DEBUG]   (f) projectArtifact = net.smert:jReactPhysics3D:jar:0.4.0
[DEBUG]   (f) session = org.apache.maven.execution.MavenSession@476ec9d0
[DEBUG]   (f) showDeprecation = false
[DEBUG]   (f) showWarnings = false
[DEBUG]   (f) source = 1.8
[DEBUG]   (f) staleMillis = 0
[DEBUG]   (f) target = 1.8
[DEBUG]   (f) verbose = false
[DEBUG] -- end configuration --
[DEBUG] Using compiler 'javac'.
[DEBUG] Source directories: [/home/opprop/units-inference/benchmarks/paper-annotation/jReactPhysics3D/src/main/java]
[DEBUG] Classpath: [/home/opprop/units-inference/benchmarks/paper-annotation/jReactPhysics3D/target/classes]
[DEBUG] Output directory: /home/opprop/units-inference/benchmarks/paper-annotation/jReactPhysics3D/target/classes
[DEBUG] CompilerReuseStrategy: reuseCreated
[DEBUG] Classpath:
[DEBUG]  /home/opprop/units-inference/benchmarks/paper-annotation/jReactPhysics3D/target/classes
[DEBUG] Source roots:
[DEBUG]  /home/opprop/units-inference/benchmarks/paper-annotation/jReactPhysics3D/src/main/java
[DEBUG] Command line options:
[DEBUG] -d /home/opprop/units-inference/benchmarks/paper-annotation/jReactPhysics3D/target/classes -classpath /home/opprop/units-inference/benchmarks/paper-annotation/jReactPhysics3D/target/classes: -sourcepath /home/opprop/units-inference/benchmarks/paper-annotation/jReactPhysics3D/src/main/java: /home/opprop/units-inference/benchmarks/paper-annotation/jReactPhysics3D/src/main/java/net/smert/jreactphysics3d/engine/EventListener.java /home/opprop/units-inference/benchmarks/paper-annotation/jReactPhysics3D/src/main/java/net/smert/jreactphysics3d/mathematics/Matrix2x2.java /home/opprop/units-inference/benchmarks/paper-annotation/jReactPhysics3D/src/main/java/net/smert/jreactphysics3d/constraint/FixedJoint.java /home/opprop/units-inference/benchmarks/paper-annotation/jReactPhysics3D/src/main/java/net/smert/jreactphysics3d/engine/ProfileNode.java /home/opprop/units-inference/benchmarks/paper-annotation/jReactPhysics3D/src/main/java/net/smert/jreactphysics3d/constraint/HingeJoint.java /home/opprop/units-inference/benchmarks/paper-annotation/jReactPhysics3D/src/main/java/net/smert/jreactphysics3d/engine/ProfileNodeIterator.java /home/opprop/units-inference/benchmarks/paper-annotation/jReactPhysics3D/src/main/java/net/smert/jreactphysics3d/engine/ContactManifoldSolver.java /home/opprop/units-inference/benchmarks/paper-annotation/jReactPhysics3D/src/main/java/net/smert/jreactphysics3d/collision/narrowphase/NarrowPhaseAlgorithm.java /home/opprop/units-inference/benchmarks/paper-annotation/jReactPhysics3D/src/main/java/net/smert/jreactphysics3d/mathematics/Vector2.java /home/opprop/units-inference/benchmarks/paper-annotation/jReactPhysics3D/src/main/java/net/smert/jreactphysics3d/collision/narrowphase/EPA/Utils.java /home/opprop/units-inference/benchmarks/paper-annotation/jReactPhysics3D/src/main/java/net/smert/jreactphysics3d/engine/Island.java /home/opprop/units-inference/benchmarks/paper-annotation/jReactPhysics3D/src/main/java/net/smert/jreactphysics3d/configuration/ContactsPositionCorrectionTechnique.java /home/opprop/units-inference/benchmarks/paper-annotation/jReactPhysics3D/src/main/java/net/smert/jreactphysics3d/constraint/FixedJointInfo.java /home/opprop/units-inference/benchmarks/paper-annotation/jReactPhysics3D/src/main/java/net/smert/jreactphysics3d/collision/narrowphase/EPA/TrianglesStore.java /home/opprop/units-inference/benchmarks/paper-annotation/jReactPhysics3D/src/main/java/net/smert/jreactphysics3d/engine/Profiler.java /home/opprop/units-inference/benchmarks/paper-annotation/jReactPhysics3D/src/main/java/net/smert/jreactphysics3d/mathematics/Vector3.java /home/opprop/units-inference/benchmarks/paper-annotation/jReactPhysics3D/src/main/java/net/smert/jreactphysics3d/collision/shapes/AABB.java /home/opprop/units-inference/benchmarks/paper-annotation/jReactPhysics3D/src/main/java/net/smert/jreactphysics3d/body/RigidBody.java /home/opprop/units-inference/benchmarks/paper-annotation/jReactPhysics3D/src/main/java/net/smert/jreactphysics3d/collision/shapes/BoxShape.java /home/opprop/units-inference/benchmarks/paper-annotation/jReactPhysics3D/src/main/java/net/smert/jreactphysics3d/collision/shapes/SphereShape.java /home/opprop/units-inference/benchmarks/paper-annotation/jReactPhysics3D/src/main/java/net/smert/jreactphysics3d/collision/broadphase/BodyPair.java /home/opprop/units-inference/benchmarks/paper-annotation/jReactPhysics3D/src/main/java/net/smert/jreactphysics3d/collision/broadphase/Utils.java /home/opprop/units-inference/benchmarks/paper-annotation/jReactPhysics3D/src/main/java/net/smert/jreactphysics3d/configuration/JointsPositionCorrectionTechnique.java /home/opprop/units-inference/benchmarks/paper-annotation/jReactPhysics3D/src/main/java/net/smert/jreactphysics3d/collision/broadphase/EndPoint.java /home/opprop/units-inference/benchmarks/paper-annotation/jReactPhysics3D/src/main/java/net/smert/jreactphysics3d/collision/narrowphase/GJK/Simplex.java /home/opprop/units-inference/benchmarks/paper-annotation/jReactPhysics3D/src/main/java/net/smert/jreactphysics3d/collision/BodyIndexPair.java /home/opprop/units-inference/benchmarks/paper-annotation/jReactPhysics3D/src/main/java/net/smert/jreactphysics3d/engine/ContactManifoldListElement.java /home/opprop/units-inference/benchmarks/paper-annotation/jReactPhysics3D/src/main/java/net/smert/jreactphysics3d/engine/ContactSolver.java /home/opprop/units-inference/benchmarks/paper-annotation/jReactPhysics3D/src/main/java/net/smert/jreactphysics3d/collision/broadphase/SweepAndPruneAlgorithm.java /home/opprop/units-inference/benchmarks/paper-annotation/jReactPhysics3D/src/main/java/net/smert/jreactphysics3d/constraint/Joint.java /home/opprop/units-inference/benchmarks/paper-annotation/jReactPhysics3D/src/main/java/net/smert/jreactphysics3d/collision/narrowphase/EPA/TriangleComparison.java /home/opprop/units-inference/benchmarks/paper-annotation/jReactPhysics3D/src/main/java/net/smert/jreactphysics3d/collision/narrowphase/EPA/EPAAlgorithm.java /home/opprop/units-inference/benchmarks/paper-annotation/jReactPhysics3D/src/main/java/net/smert/jreactphysics3d/configuration/Defaults.java /home/opprop/units-inference/benchmarks/paper-annotation/jReactPhysics3D/src/main/java/net/smert/jreactphysics3d/collision/narrowphase/EPA/EdgeEPA.java /home/opprop/units-inference/benchmarks/paper-annotation/jReactPhysics3D/src/main/java/net/smert/jreactphysics3d/mathematics/Mathematics.java /home/opprop/units-inference/benchmarks/paper-annotation/jReactPhysics3D/src/main/java/net/smert/jreactphysics3d/engine/DynamicsWorld.java /home/opprop/units-inference/benchmarks/paper-annotation/jReactPhysics3D/src/main/java/net/smert/jreactphysics3d/collision/shapes/CylinderShape.java /home/opprop/units-inference/benchmarks/paper-annotation/jReactPhysics3D/src/main/java/net/smert/jreactphysics3d/constraint/BallAndSocketJointInfo.java /home/opprop/units-inference/benchmarks/paper-annotation/jReactPhysics3D/src/main/java/net/smert/jreactphysics3d/collision/broadphase/PairManager.java /home/opprop/units-inference/benchmarks/paper-annotation/jReactPhysics3D/src/main/java/net/smert/jreactphysics3d/constraint/HingeJointInfo.java /home/opprop/units-inference/benchmarks/paper-annotation/jReactPhysics3D/src/main/java/net/smert/jreactphysics3d/collision/narrowphase/EPA/TriangleEPA.java /home/opprop/units-inference/benchmarks/paper-annotation/jReactPhysics3D/src/main/java/net/smert/jreactphysics3d/mathematics/Quaternion.java /home/opprop/units-inference/benchmarks/paper-annotation/jReactPhysics3D/src/main/java/net/smert/jreactphysics3d/engine/Timer.java /home/opprop/units-inference/benchmarks/paper-annotation/jReactPhysics3D/src/main/java/net/smert/jreactphysics3d/constraint/SliderJoint.java /home/opprop/units-inference/benchmarks/paper-annotation/jReactPhysics3D/src/main/java/net/smert/jreactphysics3d/body/Body.java /home/opprop/units-inference/benchmarks/paper-annotation/jReactPhysics3D/src/main/java/net/smert/jreactphysics3d/collision/broadphase/BroadPhaseAlgorithm.java /home/opprop/units-inference/benchmarks/paper-annotation/jReactPhysics3D/src/main/java/net/smert/jreactphysics3d/mathematics/Transform.java /home/opprop/units-inference/benchmarks/paper-annotation/jReactPhysics3D/src/main/java/net/smert/jreactphysics3d/collision/shapes/ConeShape.java /home/opprop/units-inference/benchmarks/paper-annotation/jReactPhysics3D/src/main/java/net/smert/jreactphysics3d/engine/ConstraintSolver.java /home/opprop/units-inference/benchmarks/paper-annotation/jReactPhysics3D/src/main/java/net/smert/jreactphysics3d/constraint/SliderJointInfo.java /home/opprop/units-inference/benchmarks/paper-annotation/jReactPhysics3D/src/main/java/net/smert/jreactphysics3d/mathematics/Matrix3x3.java /home/opprop/units-inference/benchmarks/paper-annotation/jReactPhysics3D/src/main/java/net/smert/jreactphysics3d/collision/shapes/CollisionShapeType.java /home/opprop/units-inference/benchmarks/paper-annotation/jReactPhysics3D/src/main/java/net/smert/jreactphysics3d/collision/BroadPhasePair.java /home/opprop/units-inference/benchmarks/paper-annotation/jReactPhysics3D/src/main/java/net/smert/jreactphysics3d/engine/ProfileSample.java /home/opprop/units-inference/benchmarks/paper-annotation/jReactPhysics3D/src/main/java/net/smert/jreactphysics3d/constraint/ContactPointInfo.java /home/opprop/units-inference/benchmarks/paper-annotation/jReactPhysics3D/src/main/java/net/smert/jreactphysics3d/ReactPhysics3D.java /home/opprop/units-inference/benchmarks/paper-annotation/jReactPhysics3D/src/main/java/net/smert/jreactphysics3d/constraint/JointListElement.java /home/opprop/units-inference/benchmarks/paper-annotation/jReactPhysics3D/src/main/java/net/smert/jreactphysics3d/engine/Impulse.java /home/opprop/units-inference/benchmarks/paper-annotation/jReactPhysics3D/src/main/java/net/smert/jreactphysics3d/collision/broadphase/NoBroadPhaseAlgorithm.java /home/opprop/units-inference/benchmarks/paper-annotation/jReactPhysics3D/src/main/java/net/smert/jreactphysics3d/collision/narrowphase/GJK/GJKAlgorithm.java /home/opprop/units-inference/benchmarks/paper-annotation/jReactPhysics3D/src/main/java/net/smert/jreactphysics3d/engine/ContactPointSolver.java /home/opprop/units-inference/benchmarks/paper-annotation/jReactPhysics3D/src/main/java/net/smert/jreactphysics3d/constraint/ContactPoint.java /home/opprop/units-inference/benchmarks/paper-annotation/jReactPhysics3D/src/main/java/net/smert/jreactphysics3d/engine/CollisionWorld.java /home/opprop/units-inference/benchmarks/paper-annotation/jReactPhysics3D/src/main/java/net/smert/jreactphysics3d/collision/shapes/CollisionShape.java /home/opprop/units-inference/benchmarks/paper-annotation/jReactPhysics3D/src/main/java/net/smert/jreactphysics3d/collision/broadphase/AABBInt.java /home/opprop/units-inference/benchmarks/paper-annotation/jReactPhysics3D/src/main/java/net/smert/jreactphysics3d/collision/shapes/CapsuleShape.java /home/opprop/units-inference/benchmarks/paper-annotation/jReactPhysics3D/src/main/java/net/smert/jreactphysics3d/constraint/BallAndSocketJoint.java /home/opprop/units-inference/benchmarks/paper-annotation/jReactPhysics3D/src/main/java/net/smert/jreactphysics3d/body/CollisionBody.java /home/opprop/units-inference/benchmarks/paper-annotation/jReactPhysics3D/src/main/java/net/smert/jreactphysics3d/engine/ConstraintSolverData.java /home/opprop/units-inference/benchmarks/paper-annotation/jReactPhysics3D/src/main/java/net/smert/jreactphysics3d/engine/Material.java /home/opprop/units-inference/benchmarks/paper-annotation/jReactPhysics3D/src/main/java/net/smert/jreactphysics3d/engine/ContactManifold.java /home/opprop/units-inference/benchmarks/paper-annotation/jReactPhysics3D/src/main/java/net/smert/jreactphysics3d/collision/shapes/ConvexMeshShape.java /home/opprop/units-inference/benchmarks/paper-annotation/jReactPhysics3D/src/main/java/net/smert/jreactphysics3d/collision/CollisionDetection.java /home/opprop/units-inference/benchmarks/paper-annotation/jReactPhysics3D/src/main/java/net/smert/jreactphysics3d/engine/OverlappingPair.java /home/opprop/units-inference/benchmarks/paper-annotation/jReactPhysics3D/src/main/java/net/smert/jreactphysics3d/constraint/JointType.java /home/opprop/units-inference/benchmarks/paper-annotation/jReactPhysics3D/src/main/java/net/smert/jreactphysics3d/constraint/JointInfo.java /home/opprop/units-inference/benchmarks/paper-annotation/jReactPhysics3D/src/main/java/net/smert/jreactphysics3d/collision/broadphase/BoxAABB.java /home/opprop/units-inference/benchmarks/paper-annotation/jReactPhysics3D/src/main/java/net/smert/jreactphysics3d/collision/narrowphase/SphereVsSphereAlgorithm.java -s /home/opprop/units-inference/benchmarks/paper-annotation/jReactPhysics3D/target/generated-sources/annotations -g -nowarn -target 1.8 -source 1.8 -encoding UTF-8
[INFO] Compiling 78 source files to /home/opprop/units-inference/benchmarks/paper-annotation/jReactPhysics3D/target/classes
[INFO] ------------------------------------------------------------------------
[INFO] BUILD SUCCESS
[INFO] ------------------------------------------------------------------------
[INFO] Total time:  8.678 s
[INFO] Finished at: 2020-08-31T03:56:25-04:00
[INFO] ------------------------------------------------------------------------
